// Jest Snapshot v1, https://goo.gl/fbAQLP

exports[`Layout rendering renders layout 1`] = `
<Page
  breadcrumb={null}
  className="foreman-theme"
  defaultManagedSidebarIsOpen={true}
  header={
    <CustomPageHeader
      afterNavToggle={[Function]}
      aria-label="Global navigation"
      avatar={null}
      className="navbar-pf-vertical"
      contextSelector={
        <Toolbar
          changeActiveMenu={[Function]}
          changeLocation={[Function]}
          changeOrganization={[Function]}
          currentLocation="Any Location"
          currentOrganization="Any Organization"
          data={
            Object {
              "brand": "Foreman",
              "locations": Object {
                "available_locations": Array [
                  Object {
                    "href": "/locations/1-yaml/select",
                    "id": 1,
                    "title": "yaml",
                  },
                  Object {
                    "href": "/locations/2-london/select",
                    "id": 2,
                    "title": "london",
                  },
                  Object {
                    "href": "/locations/3-norway/select",
                    "id": 3,
                    "title": "norway",
                  },
                ],
                "current_location": "london",
              },
              "logo": "/assets/header_logo-c9614c16f2ee399ae9cb7f36ec94b9a26bf8cf9eabaa7fe6099bf80d1f7940db.svg",
              "menu": Array [
                Object {
                  "children": Array [
                    Object {
                      "name": "Dashboard",
                      "type": "item",
                      "url": "/",
                    },
                    Object {
                      "name": "Facts",
                      "type": "item",
                      "url": "/fact_values",
                    },
                  ],
                  "icon": "fa fa-tachometer",
                  "name": "Monitor",
                  "type": "sub_menu",
                },
                Object {
                  "children": Array [
                    Object {
                      "name": "All Hosts",
                      "type": "item",
                      "url": "/hosts/new",
                    },
                    Object {
                      "name": "Architectures",
                      "type": "item",
                      "url": "/architectures",
                    },
                  ],
                  "icon": "fa fa-server",
                  "name": "Hosts",
                  "type": "sub_menu",
                },
                Object {
                  "children": Array [
                    Object {
                      "name": "Environments",
                      "type": "item",
                      "url": "/environments",
                    },
                    Object {
                      "name": "Architectures",
                      "type": "item",
                      "url": "/architectures",
                    },
                  ],
                  "icon": "fa fa-wrench",
                  "name": "User",
                  "type": "sub_menu",
                },
                Object {
                  "children": Array [
                    Object {
                      "name": "Domains",
                      "type": "item",
                      "url": "/domains",
                    },
                    Object {
                      "name": "Realms",
                      "type": "item",
                      "url": "/realms",
                    },
                  ],
                  "icon": "pficon pficon-network",
                  "name": "Infrastructure",
                  "type": "sub_menu",
                },
              ],
              "notification_url": "/notification_recipients",
              "orgs": Object {
                "available_organizations": Array [
                  Object {
                    "href": "/organizations/1-org1/select",
                    "id": 1,
                    "title": "org1",
                  },
                  Object {
                    "href": "/organizations/2-org2/select",
                    "id": 2,
                    "title": "org2",
                  },
                ],
                "current_org": "org1",
                "many_organizations": Array [
                  Object {
                    "href": "/organizations/1-org1/select",
                    "id": 1,
                    "title": "org1",
                  },
                  Object {
                    "href": "/organizations/2-org2/select",
                    "id": 2,
                    "title": "org2",
                  },
                  Object {
                    "href": "/organizations/3-org3/select",
                    "id": 3,
                    "title": "org3",
                  },
                  Object {
                    "href": "/organizations/4-org4/select",
                    "id": 4,
                    "title": "org4",
                  },
                  Object {
                    "href": "/organizations/5-org5/select",
                    "id": 5,
                    "title": "org5",
                  },
                  Object {
                    "href": "/organizations/6-org6/select",
                    "id": 6,
                    "title": "org6",
                  },
                  Object {
                    "href": "/organizations/7-org7/select",
                    "id": 7,
                    "title": "org7",
                  },
                ],
              },
              "root": "/",
              "stop_impersonation_url": "/users/stop_impersonation",
              "taxonomies": Object {
                "locations": true,
                "organizations": true,
              },
              "user": Object {
                "current_user": Object {
                  "user": Object {
                    "firstname": "Admin",
                    "id": 4,
                    "lastname": "User",
                    "login": "admin",
                    "name": "Admin User",
                  },
                },
                "user_dropdown": Array [
                  Object {
                    "children": Array [
                      Object {
                        "href": "/Aa",
                        "isDivider": false,
                        "onClick": [MockFunction],
                        "title": "Aa",
                      },
                      Object {
                        "href": "/Cc",
                        "isDivider": false,
                        "onClick": [MockFunction],
                        "title": "Cc",
                      },
                    ],
                    "icon": "fa fa-user",
                    "name": "User",
                    "type": "sub_menu",
                  },
                ],
              },
            }
          }
          isLoading={false}
        />
      }
      isNavOpen={true}
      logo={
        <Brand
          alt="Foreman"
          src="/assets/header_logo-c9614c16f2ee399ae9cb7f36ec94b9a26bf8cf9eabaa7fe6099bf80d1f7940db.svg"
          style={
            Object {
              "marginTop": "8px",
            }
          }
        />
      }
      logoComponent="a"
      logoProps={
        Object {
          "href": "/",
        }
      }
      onNavToggle={[Function]}
      showNavToggle={true}
      toolbar={null}
      topNav={null}
    />
  }
  isManagedSidebar={true}
  mainContainerId="main"
  onPageResize={[Function]}
  sidebar={
    <PageSidebar
      nav={
        <VerticalNav
          activeMenu="Monitor"
          changeActiveMenu={[Function]}
          history={
            Object {
              "push": [MockFunction],
            }
          }
          items={
            Array [
              Object {
                "href": "/a",
                "iconClass": "fa fa-tachometer",
                "initialActive": true,
                "subItems": Array [
                  Object {
                    "href": "/Aa",
                    "isDivider": false,
                    "onClick": [MockFunction],
                    "title": "Aa",
                  },
                  Object {
                    "href": "/Cc",
                    "isDivider": false,
                    "onClick": [MockFunction],
                    "title": "Cc",
                  },
                ],
                "title": "Monitor",
              },
              Object {
                "href": "/b",
                "iconClass": "fa fa-server",
                "initialActive": false,
                "subItems": Array [
                  Object {
                    "href": "/Dd",
                    "isDivider": false,
                    "onClick": [MockFunction],
                    "title": "Dd",
                  },
                  Object {
                    "href": "/Ff",
                    "isDivider": false,
                    "onClick": [MockFunction],
                    "title": "Ff",
                  },
                ],
                "title": "Hosts",
              },
              Object {
                "href": "/c",
                "iconClass": "fa fa-wrench",
                "initialActive": false,
                "subItems": Array [
                  Object {
                    "href": "/Gg",
                    "isDivider": false,
                    "onClick": [MockFunction],
                    "title": "Gg",
                  },
                  Object {
                    "href": "/Ii",
                    "isDivider": false,
                    "onClick": [MockFunction],
                    "title": "Ii",
                  },
                ],
                "title": "Configure",
              },
            ]
          }
        />
      }
      theme="dark"
    />
  }
  skipToContent={
    <SkipToContent
      className=""
      component="a"
      href="#main"
      show={false}
    >
      Skip to content
    </SkipToContent>
  }
>
  <PageSection
    variant="light"
  />
</Page>
`;
