// Jest Snapshot v1, https://goo.gl/fbAQLP

exports[`CustomPageHeader rendering render CustomPageHeader 1`] = `
<ContextConsumer>
  <Component />
</ContextConsumer>
`;
