// Jest Snapshot v1, https://goo.gl/fbAQLP

exports[`CustomContextSelector rendering render CustomContextSelector 1`] = `
<div
  className="pf-c-context-selector pf-m-expanded"
>
  <span
    hidden={true}
    id="pf-context-selector-label-id-0"
  >
    Selected Taxonomy:
  </span>
  <ContextSelectorToggle
    aria-labelledby="pf-context-selector-label-id-0 pf-context-selector-toggle-id-0"
    className=""
    id="pf-context-selector-toggle-id-0"
    isActive={false}
    isFocused={false}
    isHovered={false}
    isOpen={true}
    onEnter={[Function]}
    onToggle={[Function]}
    parentRef={null}
    toggleText="org1"
  />
  <div
    className="pf-c-context-selector__menu"
  >
    <div
      className="pf-c-select"
    >
      <div
        className="pf-c-select__menu-group"
      >
        <div
          className="pf-c-select__menu-group-title"
        >
          Organization
        </div>
        <ContextSelectorMenuList
          className=""
          isOpen={true}
          style={
            Object {
              "overflowY": "hidden",
            }
          }
        >
          <ContextSelectorItem
            className=""
            isDisabled={false}
            isHovered={false}
            key="0"
            onClick={[Function]}
            sendRef={[Function]}
          >
            <a
              href="/organizations/clear"
              onClick={[Function]}
              style={
                Object {
                  "color": "inherit",
                  "textDecoration": "inherit",
                }
              }
            >
              Any Organization
            </a>
          </ContextSelectorItem>
          <ContextSelectorItem
            className=""
            isDisabled={false}
            isHovered={false}
            key="1"
            onClick={[Function]}
            sendRef={[Function]}
          >
            <a
              href="/organizations"
              style={
                Object {
                  "color": "inherit",
                  "textDecoration": "inherit",
                }
              }
            >
              Manage Organizations
            </a>
          </ContextSelectorItem>
        </ContextSelectorMenuList>
      </div>
      <Divider
        component="div"
      />
    </div>
    <ContextProvider
      value={
        Object {
          "onSelect": [Function],
        }
      }
    >
      <ContextSelectorMenuList
        className=""
        isOpen={true}
        style={
          Object {
            "overflowY": "hidden",
          }
        }
      />
    </ContextProvider>
  </div>
</div>
`;
