// Jest Snapshot v1, https://goo.gl/fbAQLP

exports[`TaxonomySwitcher rendering render TaxonomySwitcher 1`] = `
<Fragment>
  <DataToolbarItem>
    <TaxonomyDropdown
      anyTaxonomyText="Any Organization"
      anyTaxonomyURL="/organizations/clear"
      changeTaxonomy={[Function]}
      currentTaxonomy="organization"
      id="organization-dropdown"
      manageTaxonomyText="Manage Organizations"
      manageTaxonomyURL="/organizations"
      taxonomies={
        Array [
          Object {
            "href": "/organizations/1-org1/select",
            "id": 1,
            "title": "org1",
          },
          Object {
            "href": "/organizations/2-org2/select",
            "id": 2,
            "title": "org2",
          },
        ]
      }
      taxonomyType="Organization"
    />
  </DataToolbarItem>
  <DataToolbarItem>
    <TaxonomyDropdown
      anyTaxonomyText="Any Location"
      anyTaxonomyURL="/locations/clear"
      changeTaxonomy={[Function]}
      currentTaxonomy="location"
      id="location-dropdown"
      manageTaxonomyText="Manage Locations"
      manageTaxonomyURL="/locations"
      taxonomies={
        Array [
          Object {
            "href": "/locations/1-yaml/select",
            "id": 1,
            "title": "yaml",
          },
          Object {
            "href": "/locations/2-london/select",
            "id": 2,
            "title": "london",
          },
          Object {
            "href": "/locations/3-norway/select",
            "id": 3,
            "title": "norway",
          },
        ]
      }
      taxonomyType="Location"
    />
  </DataToolbarItem>
  <Spinner
    className=""
    inline={false}
    inverse={true}
    loading={true}
    size="md"
  />
</Fragment>
`;
